// Jest Snapshot v1, https://goo.gl/fbAQLP

exports[`<Home /> renders learn react link 1`] = `
<div
  class="sc-bdvvtL jFRBlj"
>
  <h1>
    hello
  </h1>
</div>
`;
