// Jest Snapshot v1, https://goo.gl/fbAQLP

exports[`<SectionBackground /> Should render with correct background dark 1`] = `
.c0 {
  background: #FFFFFF;
  color: #0A1128;
  background: #0A1128;
  color: #FFFFFF;
  min-height: 100vh;
  display: -webkit-box;
  display: -webkit-flex;
  display: -ms-flexbox;
  display: flex;
  -webkit-align-items: center;
  -webkit-box-align: center;
  -ms-flex-align: center;
  align-items: center;
}

.c1 {
  max-width: 120rem;
  margin: 0 auto;
  padding: 3.2rem;
}

<div>
  <div
    class="c0"
  >
    <div
      class="c1"
    >
      Children
    </div>
  </div>
</div>
`;
